
> bookfair-frontend@1.0.0 build
> tsc && vite build

src/apps/public/components/BookingPanel.tsx(2,39): error TS2307: Cannot find module '../types/stallMap.utils' or its corresponding type declarations.
src/apps/public/pages/EventsPage.tsx(1,28): error TS2307: Cannot find module '@/shared/components/UpcomingEvents' or its corresponding type declarations.
src/shared/api/publicApi.ts(7,5): error TS6133: 'LayoutZone' is declared but its value is never read.
