src/apps/admin/AdminRoutes.tsx(13,1): error TS6133: 'StallPricingPage' is declared but its value is never read.
src/apps/admin/components/Dashboard/CancelModal.tsx(1,1): error TS6133: 'React' is declared but its value is never read.
src/apps/admin/components/HallManagement/HallList.tsx(2,53): error TS6133: 'Plus' is declared but its value is never read.
src/apps/admin/components/HallManagement/HallList.tsx(20,5): error TS6133: 'onOpenCreate' is declared but its value is never read.
src/apps/admin/components/Sidebar/AdminSidebar.tsx(7,5): error TS6133: 'Tag' is declared but its value is never read.
src/apps/admin/pages/AdminStallDesigner.tsx(53,23): error TS6133: 'stallTemplates' is declared but its value is never read.
src/apps/employee/pages/EmployeePortalPage.tsx(13,67): error TS6133: 'isSearching' is declared but its value is never read.
src/apps/employee/pages/EmployeePortalPage.tsx(32,9): error TS6133: 'overrideSuccess' is declared but its value is never read.
src/apps/employee/pages/EmployeePortalPage.tsx(38,11): error TS6133: 'error' is declared but its value is never read.
src/shared/components/ReservationTimeline.tsx(11,25): error TS2551: Property 'created_at' does not exist on type 'Reservation'. Did you mean 'createdAt'?
src/shared/components/ReservationTimeline.tsx(17,25): error TS2339: Property 'paid_at' does not exist on type 'Reservation'.
src/shared/components/ReservationTimeline.tsx(23,25): error TS2339: Property 'paid_at' does not exist on type 'Reservation'.
src/shared/components/ReservationTimeline.tsx(25,25): error TS2339: Property 'paid_at' does not exist on type 'Reservation'.
