[INFO] Scanning for projects...
[INFO] 
[INFO] -----------------< com.bookfair:stall-reservation-api >-----------------
[INFO] Building Bookfair Stall Reservation API 1.0.0
[INFO]   from pom.xml
[INFO] --------------------------------[ jar ]---------------------------------
[INFO] 
[INFO] >>> spring-boot:3.2.0:run (default-cli) > test-compile @ stall-reservation-api >>>
[INFO] 
[INFO] --- resources:3.3.1:resources (default-resources) @ stall-reservation-api ---
[INFO] Copying 1 resource from src\main\resources to target\classes
[INFO] Copying 0 resource from src\main\resources to target\classes
[INFO] 
[INFO] --- compiler:3.13.0:compile (default-compile) @ stall-reservation-api ---
[INFO] Recompiling the module because of changed source code.
[INFO] Compiling 32 source files with javac [debug parameters release 17] to target\classes
[INFO] -------------------------------------------------------------
[ERROR] COMPILATION ERROR : 
[INFO] -------------------------------------------------------------
[ERROR] /C:/Users/User/SA_PROJECT/src/main/java/com/bookfair/controller/GenreController.java:[23,32] variable genreService not initialized in the default constructor
[ERROR] /C:/Users/User/SA_PROJECT/src/main/java/com/bookfair/service/GenreService.java:[20,63] cannot find symbol
  symbol:   method getPublisherId()
  location: variable request of type com.bookfair.dto.request.GenreRequest
[ERROR] /C:/Users/User/SA_PROJECT/src/main/java/com/bookfair/service/GenreService.java:[23,30] cannot find symbol
  symbol:   method getName()
  location: variable request of type com.bookfair.dto.request.GenreRequest
[ERROR] /C:/Users/User/SA_PROJECT/src/main/java/com/bookfair/service/GenreService.java:[24,14] cannot find symbol
  symbol:   method setPublisher(com.bookfair.entity.Publisher)
  location: variable genre of type com.bookfair.entity.Genre
[ERROR] /C:/Users/User/SA_PROJECT/src/main/java/com/bookfair/service/PublisherService.java:[19,42] cannot find symbol
  symbol:   method getBusinessName()
  location: variable request of type com.bookfair.dto.request.PublisherRequest
[ERROR] /C:/Users/User/SA_PROJECT/src/main/java/com/bookfair/service/PublisherService.java:[20,35] cannot find symbol
  symbol:   method getEmail()
  location: variable request of type com.bookfair.dto.request.PublisherRequest
[ERROR] /C:/Users/User/SA_PROJECT/src/main/java/com/bookfair/service/PublisherService.java:[21,43] cannot find symbol
  symbol:   method getContactPerson()
  location: variable request of type com.bookfair.dto.request.PublisherRequest
[ERROR] /C:/Users/User/SA_PROJECT/src/main/java/com/bookfair/service/ReservationService.java:[31,63] cannot find symbol
  symbol:   method getPublisherId()
  location: variable request of type com.bookfair.dto.request.ReservationRequest
[ERROR] /C:/Users/User/SA_PROJECT/src/main/java/com/bookfair/service/ReservationService.java:[34,79] cannot find symbol
  symbol:   method getId()
  location: variable publisher of type com.bookfair.entity.Publisher
[ERROR] /C:/Users/User/SA_PROJECT/src/main/java/com/bookfair/service/ReservationService.java:[35,35] cannot find symbol
  symbol:   method getStallIds()
  location: variable request of type com.bookfair.dto.request.ReservationRequest
[ERROR] /C:/Users/User/SA_PROJECT/src/main/java/com/bookfair/service/ReservationService.java:[41,36] cannot find symbol
  symbol:   method getStallIds()
  location: variable request of type com.bookfair.dto.request.ReservationRequest
[ERROR] /C:/Users/User/SA_PROJECT/src/main/java/com/bookfair/service/ReservationService.java:[45,22] cannot find symbol
  symbol:   method getReserved()
  location: variable stall of type com.bookfair.entity.Stall
[ERROR] /C:/Users/User/SA_PROJECT/src/main/java/com/bookfair/service/ReservationService.java:[46,78] cannot find symbol
  symbol:   method getName()
  location: variable stall of type com.bookfair.entity.Stall
[ERROR] /C:/Users/User/SA_PROJECT/src/main/java/com/bookfair/service/ReservationService.java:[50,18] cannot find symbol
  symbol:   method setReserved(boolean)
  location: variable stall of type com.bookfair.entity.Stall
[ERROR] /C:/Users/User/SA_PROJECT/src/main/java/com/bookfair/service/ReservationService.java:[55,24] cannot find symbol
  symbol:   method setPublisher(com.bookfair.entity.Publisher)
  location: variable reservation of type com.bookfair.entity.Reservation
[ERROR] /C:/Users/User/SA_PROJECT/src/main/java/com/bookfair/service/ReservationService.java:[56,24] cannot find symbol
  symbol:   method setStall(com.bookfair.entity.Stall)
  location: variable reservation of type com.bookfair.entity.Reservation
[ERROR] /C:/Users/User/SA_PROJECT/src/main/java/com/bookfair/service/ReservationService.java:[57,24] cannot find symbol
  symbol:   method setQrCode(java.lang.String)
  location: variable reservation of type com.bookfair.entity.Reservation
[ERROR] /C:/Users/User/SA_PROJECT/src/main/java/com/bookfair/service/ReservationService.java:[62,48] cannot find symbol
  symbol:   method getEmail()
  location: variable publisher of type com.bookfair.entity.Publisher
[ERROR] /C:/Users/User/SA_PROJECT/src/main/java/com/bookfair/service/EmailService.java:[38,49] cannot find symbol
  symbol:   method getStall()
  location: variable r of type com.bookfair.entity.Reservation
[ERROR] /C:/Users/User/SA_PROJECT/src/main/java/com/bookfair/service/EmailService.java:[38,85] cannot find symbol
  symbol:   method getQrCode()
  location: variable r of type com.bookfair.entity.Reservation
[ERROR] /C:/Users/User/SA_PROJECT/src/main/java/com/bookfair/service/StallService.java:[28,26] cannot find symbol
  symbol:   method setName(java.lang.String)
  location: variable stall of type com.bookfair.entity.Stall
[ERROR] /C:/Users/User/SA_PROJECT/src/main/java/com/bookfair/service/StallService.java:[29,26] cannot find symbol
  symbol:   method setSize(com.bookfair.entity.Stall.StallSize)
  location: variable stall of type com.bookfair.entity.Stall
[ERROR] /C:/Users/User/SA_PROJECT/src/main/java/com/bookfair/service/StallService.java:[30,26] cannot find symbol
  symbol:   method setReserved(boolean)
  location: variable stall of type com.bookfair.entity.Stall
[ERROR] /C:/Users/User/SA_PROJECT/src/main/java/com/bookfair/service/StallService.java:[31,26] cannot find symbol
  symbol:   method setPositionX(int)
  location: variable stall of type com.bookfair.entity.Stall
[ERROR] /C:/Users/User/SA_PROJECT/src/main/java/com/bookfair/service/StallService.java:[32,26] cannot find symbol
  symbol:   method setPositionY(int)
  location: variable stall of type com.bookfair.entity.Stall
[INFO] 25 errors 
[INFO] -------------------------------------------------------------
[INFO] ------------------------------------------------------------------------
[INFO] BUILD FAILURE
[INFO] ------------------------------------------------------------------------
[INFO] Total time:  1.946 s
[INFO] Finished at: 2026-02-13T11:08:07+05:30
[INFO] ------------------------------------------------------------------------
[ERROR] Failed to execute goal org.apache.maven.plugins:maven-compiler-plugin:3.13.0:compile (default-compile) on project stall-reservation-api: Compilation failure: Compilation failure: 
[ERROR] /C:/Users/User/SA_PROJECT/src/main/java/com/bookfair/controller/GenreController.java:[23,32] variable genreService not initialized in the default constructor
[ERROR] /C:/Users/User/SA_PROJECT/src/main/java/com/bookfair/service/GenreService.java:[20,63] cannot find symbol
[ERROR]   symbol:   method getPublisherId()
[ERROR]   location: variable request of type com.bookfair.dto.request.GenreRequest
[ERROR] /C:/Users/User/SA_PROJECT/src/main/java/com/bookfair/service/GenreService.java:[23,30] cannot find symbol
[ERROR]   symbol:   method getName()
[ERROR]   location: variable request of type com.bookfair.dto.request.GenreRequest
[ERROR] /C:/Users/User/SA_PROJECT/src/main/java/com/bookfair/service/GenreService.java:[24,14] cannot find symbol
[ERROR]   symbol:   method setPublisher(com.bookfair.entity.Publisher)
[ERROR]   location: variable genre of type com.bookfair.entity.Genre
[ERROR] /C:/Users/User/SA_PROJECT/src/main/java/com/bookfair/service/PublisherService.java:[19,42] cannot find symbol
[ERROR]   symbol:   method getBusinessName()
[ERROR]   location: variable request of type com.bookfair.dto.request.PublisherRequest
[ERROR] /C:/Users/User/SA_PROJECT/src/main/java/com/bookfair/service/PublisherService.java:[20,35] cannot find symbol
[ERROR]   symbol:   method getEmail()
[ERROR]   location: variable request of type com.bookfair.dto.request.PublisherRequest
[ERROR] /C:/Users/User/SA_PROJECT/src/main/java/com/bookfair/service/PublisherService.java:[21,43] cannot find symbol
[ERROR]   symbol:   method getContactPerson()
[ERROR]   location: variable request of type com.bookfair.dto.request.PublisherRequest
[ERROR] /C:/Users/User/SA_PROJECT/src/main/java/com/bookfair/service/ReservationService.java:[31,63] cannot find symbol
[ERROR]   symbol:   method getPublisherId()
[ERROR]   location: variable request of type com.bookfair.dto.request.ReservationRequest
[ERROR] /C:/Users/User/SA_PROJECT/src/main/java/com/bookfair/service/ReservationService.java:[34,79] cannot find symbol
[ERROR]   symbol:   method getId()
[ERROR]   location: variable publisher of type com.bookfair.entity.Publisher
[ERROR] /C:/Users/User/SA_PROJECT/src/main/java/com/bookfair/service/ReservationService.java:[35,35] cannot find symbol
[ERROR]   symbol:   method getStallIds()
[ERROR]   location: variable request of type com.bookfair.dto.request.ReservationRequest
[ERROR] /C:/Users/User/SA_PROJECT/src/main/java/com/bookfair/service/ReservationService.java:[41,36] cannot find symbol
[ERROR]   symbol:   method getStallIds()
[ERROR]   location: variable request of type com.bookfair.dto.request.ReservationRequest
[ERROR] /C:/Users/User/SA_PROJECT/src/main/java/com/bookfair/service/ReservationService.java:[45,22] cannot find symbol
[ERROR]   symbol:   method getReserved()
[ERROR]   location: variable stall of type com.bookfair.entity.Stall
[ERROR] /C:/Users/User/SA_PROJECT/src/main/java/com/bookfair/service/ReservationService.java:[46,78] cannot find symbol
[ERROR]   symbol:   method getName()
[ERROR]   location: variable stall of type com.bookfair.entity.Stall
[ERROR] /C:/Users/User/SA_PROJECT/src/main/java/com/bookfair/service/ReservationService.java:[50,18] cannot find symbol
[ERROR]   symbol:   method setReserved(boolean)
[ERROR]   location: variable stall of type com.bookfair.entity.Stall
[ERROR] /C:/Users/User/SA_PROJECT/src/main/java/com/bookfair/service/ReservationService.java:[55,24] cannot find symbol
[ERROR]   symbol:   method setPublisher(com.bookfair.entity.Publisher)
[ERROR]   location: variable reservation of type com.bookfair.entity.Reservation
[ERROR] /C:/Users/User/SA_PROJECT/src/main/java/com/bookfair/service/ReservationService.java:[56,24] cannot find symbol
[ERROR]   symbol:   method setStall(com.bookfair.entity.Stall)
[ERROR]   location: variable reservation of type com.bookfair.entity.Reservation
[ERROR] /C:/Users/User/SA_PROJECT/src/main/java/com/bookfair/service/ReservationService.java:[57,24] cannot find symbol
[ERROR]   symbol:   method setQrCode(java.lang.String)
[ERROR]   location: variable reservation of type com.bookfair.entity.Reservation
[ERROR] /C:/Users/User/SA_PROJECT/src/main/java/com/bookfair/service/ReservationService.java:[62,48] cannot find symbol
[ERROR]   symbol:   method getEmail()
[ERROR]   location: variable publisher of type com.bookfair.entity.Publisher
[ERROR] /C:/Users/User/SA_PROJECT/src/main/java/com/bookfair/service/EmailService.java:[38,49] cannot find symbol
[ERROR]   symbol:   method getStall()
[ERROR]   location: variable r of type com.bookfair.entity.Reservation
[ERROR] /C:/Users/User/SA_PROJECT/src/main/java/com/bookfair/service/EmailService.java:[38,85] cannot find symbol
[ERROR]   symbol:   method getQrCode()
[ERROR]   location: variable r of type com.bookfair.entity.Reservation
[ERROR] /C:/Users/User/SA_PROJECT/src/main/java/com/bookfair/service/StallService.java:[28,26] cannot find symbol
[ERROR]   symbol:   method setName(java.lang.String)
[ERROR]   location: variable stall of type com.bookfair.entity.Stall
[ERROR] /C:/Users/User/SA_PROJECT/src/main/java/com/bookfair/service/StallService.java:[29,26] cannot find symbol
[ERROR]   symbol:   method setSize(com.bookfair.entity.Stall.StallSize)
[ERROR]   location: variable stall of type com.bookfair.entity.Stall
[ERROR] /C:/Users/User/SA_PROJECT/src/main/java/com/bookfair/service/StallService.java:[30,26] cannot find symbol
[ERROR]   symbol:   method setReserved(boolean)
[ERROR]   location: variable stall of type com.bookfair.entity.Stall
[ERROR] /C:/Users/User/SA_PROJECT/src/main/java/com/bookfair/service/StallService.java:[31,26] cannot find symbol
[ERROR]   symbol:   method setPositionX(int)
[ERROR]   location: variable stall of type com.bookfair.entity.Stall
[ERROR] /C:/Users/User/SA_PROJECT/src/main/java/com/bookfair/service/StallService.java:[32,26] cannot find symbol
[ERROR]   symbol:   method setPositionY(int)
[ERROR]   location: variable stall of type com.bookfair.entity.Stall
[ERROR] -> [Help 1]
[ERROR] 
[ERROR] To see the full stack trace of the errors, re-run Maven with the -e switch.
[ERROR] Re-run Maven using the -X switch to enable full debug logging.
[ERROR] 
[ERROR] For more information about the errors and possible solutions, please read the following articles:
[ERROR] [Help 1] http://cwiki.apache.org/confluence/display/MAVEN/MojoFailureException
